// Jest Snapshot v1, https://goo.gl/fbAQLP

exports[`actor/button default test 1`] = `
<body>
  <div>
    <button
      class="sc-bdvvaa jExhKM"
      type="button"
    />
  </div>
</body>
`;
